(torch) root@gz-ins-730108309426181:~# python train.py --data_root AD_NC --drop_path_rate 0.2 --dropout_rate 0.3 --lr 1e-4 --epochs 200 --batch_size 64 --num_workers 8 --patience 0 --mixup_alpha 0
Device: cuda
>> Training
Epoch 001 | train loss 0.6980 acc 0.545 auc 0.559 | val loss 0.6760 acc@0.5 0.576 auc 0.651 | val acc@bestThr 0.610 thr=0.580
Epoch 002 | train loss 0.6775 acc 0.580 auc 0.615 | val loss 0.7077 acc@0.5 0.558 auc 0.653 | val acc@bestThr 0.614 thr=0.683
Epoch 003 | train loss 0.6656 acc 0.604 auc 0.644 | val loss 0.6828 acc@0.5 0.594 auc 0.662 | val acc@bestThr 0.624 thr=0.609
Epoch 004 | train loss 0.6562 acc 0.617 auc 0.662 | val loss 0.7527 acc@0.5 0.556 auc 0.677 | val acc@bestThr 0.639 thr=0.724
Epoch 005 | train loss 0.6407 acc 0.640 auc 0.694 | val loss 0.7752 acc@0.5 0.576 auc 0.747 | val acc@bestThr 0.693 thr=0.782
Epoch 006 | train loss 0.6166 acc 0.678 auc 0.739 | val loss 0.7346 acc@0.5 0.618 auc 0.756 | val acc@bestThr 0.702 thr=0.768
Epoch 007 | train loss 0.6098 acc 0.685 auc 0.749 | val loss 0.6083 acc@0.5 0.703 auc 0.762 | val acc@bestThr 0.704 thr=0.502
Epoch 008 | train loss 0.5997 acc 0.700 auc 0.763 | val loss 0.6766 acc@0.5 0.662 auc 0.771 | val acc@bestThr 0.717 thr=0.732
Epoch 009 | train loss 0.5889 acc 0.712 auc 0.779 | val loss 0.6227 acc@0.5 0.696 auc 0.781 | val acc@bestThr 0.723 thr=0.679
Epoch 010 | train loss 0.5837 acc 0.715 auc 0.784 | val loss 0.6047 acc@0.5 0.712 auc 0.780 | val acc@bestThr 0.719 thr=0.605
Epoch 011 | train loss 0.5782 acc 0.721 auc 0.792 | val loss 0.7548 acc@0.5 0.639 auc 0.781 | val acc@bestThr 0.725 thr=0.822
Epoch 012 | train loss 0.5738 acc 0.725 auc 0.797 | val loss 0.6494 acc@0.5 0.670 auc 0.781 | val acc@bestThr 0.727 thr=0.721
Epoch 013 | train loss 0.5682 acc 0.733 auc 0.804 | val loss 0.6293 acc@0.5 0.696 auc 0.790 | val acc@bestThr 0.730 thr=0.685
Epoch 014 | train loss 0.5539 acc 0.744 auc 0.821 | val loss 0.6751 acc@0.5 0.676 auc 0.785 | val acc@bestThr 0.728 thr=0.797
Epoch 015 | train loss 0.5529 acc 0.748 auc 0.822 | val loss 0.6460 acc@0.5 0.682 auc 0.791 | val acc@bestThr 0.727 thr=0.755
Epoch 016 | train loss 0.5401 acc 0.758 auc 0.837 | val loss 0.8103 acc@0.5 0.607 auc 0.780 | val acc@bestThr 0.716 thr=0.872
Epoch 017 | train loss 0.5336 acc 0.764 auc 0.843 | val loss 0.6615 acc@0.5 0.664 auc 0.794 | val acc@bestThr 0.727 thr=0.752
Epoch 018 | train loss 0.5241 acc 0.772 auc 0.852 | val loss 0.6432 acc@0.5 0.703 auc 0.807 | val acc@bestThr 0.740 thr=0.715
Epoch 019 | train loss 0.5149 acc 0.782 auc 0.861 | val loss 0.6682 acc@0.5 0.668 auc 0.809 | val acc@bestThr 0.741 thr=0.795
Epoch 020 | train loss 0.5072 acc 0.789 auc 0.868 | val loss 0.6923 acc@0.5 0.667 auc 0.807 | val acc@bestThr 0.736 thr=0.799
Epoch 021 | train loss 0.4990 acc 0.796 auc 0.876 | val loss 0.7011 acc@0.5 0.664 auc 0.797 | val acc@bestThr 0.731 thr=0.824
Epoch 022 | train loss 0.4913 acc 0.802 auc 0.882 | val loss 0.6709 acc@0.5 0.690 auc 0.812 | val acc@bestThr 0.739 thr=0.820
Epoch 023 | train loss 0.4898 acc 0.800 auc 0.883 | val loss 0.7109 acc@0.5 0.674 auc 0.813 | val acc@bestThr 0.739 thr=0.813
Epoch 024 | train loss 0.4750 acc 0.812 auc 0.895 | val loss 0.6590 acc@0.5 0.711 auc 0.818 | val acc@bestThr 0.744 thr=0.752
Epoch 025 | train loss 0.4701 acc 0.819 auc 0.898 | val loss 0.6365 acc@0.5 0.703 auc 0.820 | val acc@bestThr 0.747 thr=0.750
Epoch 026 | train loss 0.4619 acc 0.823 auc 0.905 | val loss 0.6563 acc@0.5 0.710 auc 0.823 | val acc@bestThr 0.751 thr=0.797
Epoch 027 | train loss 0.4548 acc 0.826 auc 0.910 | val loss 0.6913 acc@0.5 0.702 auc 0.823 | val acc@bestThr 0.749 thr=0.833
Epoch 028 | train loss 0.4439 acc 0.833 auc 0.917 | val loss 0.6678 acc@0.5 0.715 auc 0.823 | val acc@bestThr 0.751 thr=0.796
Epoch 029 | train loss 0.4386 acc 0.838 auc 0.921 | val loss 0.8504 acc@0.5 0.651 auc 0.817 | val acc@bestThr 0.742 thr=0.900
Epoch 030 | train loss 0.4290 acc 0.848 auc 0.927 | val loss 0.6504 acc@0.5 0.735 auc 0.829 | val acc@bestThr 0.752 thr=0.786
Epoch 031 | train loss 0.4255 acc 0.851 auc 0.929 | val loss 0.6729 acc@0.5 0.710 auc 0.819 | val acc@bestThr 0.744 thr=0.827
Epoch 032 | train loss 0.4117 acc 0.862 auc 0.937 | val loss 0.6944 acc@0.5 0.721 auc 0.820 | val acc@bestThr 0.742 thr=0.818
Epoch 033 | train loss 0.4027 acc 0.867 auc 0.942 | val loss 0.7709 acc@0.5 0.691 auc 0.826 | val acc@bestThr 0.750 thr=0.881
Epoch 034 | train loss 0.3982 acc 0.870 auc 0.945 | val loss 0.6460 acc@0.5 0.737 auc 0.826 | val acc@bestThr 0.750 thr=0.749
Epoch 035 | train loss 0.3964 acc 0.872 auc 0.946 | val loss 0.6672 acc@0.5 0.729 auc 0.834 | val acc@bestThr 0.754 thr=0.811
Epoch 036 | train loss 0.3904 acc 0.876 auc 0.949 | val loss 0.7012 acc@0.5 0.708 auc 0.827 | val acc@bestThr 0.750 thr=0.862
Epoch 037 | train loss 0.3803 acc 0.883 auc 0.955 | val loss 0.7926 acc@0.5 0.684 auc 0.818 | val acc@bestThr 0.744 thr=0.877
Epoch 038 | train loss 0.3746 acc 0.887 auc 0.957 | val loss 0.7704 acc@0.5 0.704 auc 0.813 | val acc@bestThr 0.749 thr=0.854
Epoch 039 | train loss 0.3711 acc 0.891 auc 0.958 | val loss 0.6801 acc@0.5 0.732 auc 0.839 | val acc@bestThr 0.758 thr=0.833
Epoch 040 | train loss 0.3664 acc 0.894 auc 0.961 | val loss 0.6887 acc@0.5 0.708 auc 0.829 | val acc@bestThr 0.756 thr=0.806
Epoch 041 | train loss 0.3597 acc 0.897 auc 0.963 | val loss 0.7483 acc@0.5 0.703 auc 0.827 | val acc@bestThr 0.750 thr=0.877
Epoch 042 | train loss 0.3533 acc 0.902 auc 0.966 | val loss 0.8515 acc@0.5 0.681 auc 0.829 | val acc@bestThr 0.752 thr=0.911
Epoch 043 | train loss 0.3485 acc 0.904 auc 0.968 | val loss 0.7428 acc@0.5 0.710 auc 0.834 | val acc@bestThr 0.759 thr=0.878
Epoch 044 | train loss 0.3411 acc 0.911 auc 0.971 | val loss 0.7046 acc@0.5 0.724 auc 0.838 | val acc@bestThr 0.758 thr=0.871
Epoch 045 | train loss 0.3401 acc 0.913 auc 0.971 | val loss 0.5728 acc@0.5 0.764 auc 0.849 | val acc@bestThr 0.768 thr=0.669
Epoch 046 | train loss 0.3374 acc 0.913 auc 0.973 | val loss 0.8675 acc@0.5 0.681 auc 0.827 | val acc@bestThr 0.752 thr=0.917
Epoch 047 | train loss 0.3331 acc 0.916 auc 0.974 | val loss 0.7340 acc@0.5 0.722 auc 0.831 | val acc@bestThr 0.760 thr=0.878
Epoch 048 | train loss 0.3247 acc 0.923 auc 0.977 | val loss 0.8132 acc@0.5 0.706 auc 0.833 | val acc@bestThr 0.760 thr=0.907
Epoch 049 | train loss 0.3235 acc 0.923 auc 0.977 | val loss 0.6622 acc@0.5 0.743 auc 0.844 | val acc@bestThr 0.769 thr=0.845
Epoch 050 | train loss 0.3184 acc 0.925 auc 0.980 | val loss 0.6424 acc@0.5 0.747 auc 0.839 | val acc@bestThr 0.762 thr=0.807
Epoch 051 | train loss 0.3197 acc 0.926 auc 0.979 | val loss 0.7306 acc@0.5 0.734 auc 0.842 | val acc@bestThr 0.763 thr=0.849
Epoch 052 | train loss 0.3134 acc 0.930 auc 0.981 | val loss 0.7221 acc@0.5 0.730 auc 0.847 | val acc@bestThr 0.766 thr=0.856
Epoch 053 | train loss 0.3105 acc 0.931 auc 0.982 | val loss 0.8559 acc@0.5 0.700 auc 0.836 | val acc@bestThr 0.758 thr=0.933
Epoch 054 | train loss 0.3069 acc 0.936 auc 0.982 | val loss 0.8046 acc@0.5 0.711 auc 0.838 | val acc@bestThr 0.759 thr=0.886
Epoch 055 | train loss 0.3048 acc 0.936 auc 0.983 | val loss 0.7263 acc@0.5 0.734 auc 0.843 | val acc@bestThr 0.766 thr=0.851
Epoch 056 | train loss 0.3040 acc 0.935 auc 0.983 | val loss 0.7224 acc@0.5 0.731 auc 0.835 | val acc@bestThr 0.759 thr=0.864
Epoch 057 | train loss 0.3014 acc 0.937 auc 0.984 | val loss 0.7915 acc@0.5 0.711 auc 0.832 | val acc@bestThr 0.760 thr=0.913
Epoch 058 | train loss 0.2942 acc 0.943 auc 0.986 | val loss 0.7722 acc@0.5 0.726 auc 0.843 | val acc@bestThr 0.762 thr=0.914
Epoch 059 | train loss 0.2917 acc 0.944 auc 0.987 | val loss 0.7355 acc@0.5 0.738 auc 0.842 | val acc@bestThr 0.771 thr=0.902
Epoch 060 | train loss 0.2895 acc 0.945 auc 0.988 | val loss 0.8380 acc@0.5 0.707 auc 0.838 | val acc@bestThr 0.759 thr=0.938
Epoch 061 | train loss 0.2894 acc 0.945 auc 0.988 | val loss 0.8337 acc@0.5 0.703 auc 0.840 | val acc@bestThr 0.762 thr=0.920
Epoch 062 | train loss 0.2833 acc 0.948 auc 0.989 | val loss 0.7265 acc@0.5 0.738 auc 0.835 | val acc@bestThr 0.762 thr=0.858
Epoch 063 | train loss 0.2865 acc 0.949 auc 0.988 | val loss 0.8928 acc@0.5 0.689 auc 0.834 | val acc@bestThr 0.761 thr=0.936
Epoch 064 | train loss 0.2874 acc 0.945 auc 0.988 | val loss 0.7767 acc@0.5 0.728 auc 0.838 | val acc@bestThr 0.764 thr=0.926
Epoch 065 | train loss 0.2786 acc 0.952 auc 0.990 | val loss 0.6715 acc@0.5 0.754 auc 0.847 | val acc@bestThr 0.772 thr=0.859
Epoch 066 | train loss 0.2775 acc 0.952 auc 0.991 | val loss 0.7404 acc@0.5 0.734 auc 0.841 | val acc@bestThr 0.771 thr=0.910
Epoch 067 | train loss 0.2732 acc 0.956 auc 0.991 | val loss 0.7744 acc@0.5 0.737 auc 0.835 | val acc@bestThr 0.766 thr=0.926
Epoch 068 | train loss 0.2735 acc 0.955 auc 0.991 | val loss 0.8080 acc@0.5 0.708 auc 0.834 | val acc@bestThr 0.761 thr=0.923
Epoch 069 | train loss 0.2707 acc 0.957 auc 0.992 | val loss 0.7840 acc@0.5 0.735 auc 0.833 | val acc@bestThr 0.765 thr=0.927
Epoch 070 | train loss 0.2727 acc 0.957 auc 0.991 | val loss 0.7489 acc@0.5 0.735 auc 0.847 | val acc@bestThr 0.773 thr=0.924
Epoch 071 | train loss 0.2643 acc 0.961 auc 0.993 | val loss 0.7939 acc@0.5 0.721 auc 0.839 | val acc@bestThr 0.764 thr=0.932
Epoch 072 | train loss 0.2649 acc 0.961 auc 0.993 | val loss 0.8623 acc@0.5 0.702 auc 0.835 | val acc@bestThr 0.767 thr=0.934
Epoch 073 | train loss 0.2642 acc 0.961 auc 0.993 | val loss 0.8202 acc@0.5 0.712 auc 0.839 | val acc@bestThr 0.766 thr=0.914
Epoch 074 | train loss 0.2658 acc 0.961 auc 0.993 | val loss 0.8034 acc@0.5 0.725 auc 0.839 | val acc@bestThr 0.766 thr=0.913
Epoch 075 | train loss 0.2625 acc 0.962 auc 0.994 | val loss 0.9144 acc@0.5 0.697 auc 0.838 | val acc@bestThr 0.761 thr=0.945
Epoch 076 | train loss 0.2604 acc 0.962 auc 0.994 | val loss 0.7432 acc@0.5 0.738 auc 0.846 | val acc@bestThr 0.776 thr=0.903
Epoch 077 | train loss 0.2544 acc 0.966 auc 0.995 | val loss 0.8168 acc@0.5 0.726 auc 0.838 | val acc@bestThr 0.766 thr=0.929
Epoch 078 | train loss 0.2540 acc 0.967 auc 0.995 | val loss 0.7555 acc@0.5 0.737 auc 0.846 | val acc@bestThr 0.768 thr=0.912
Epoch 079 | train loss 0.2529 acc 0.968 auc 0.995 | val loss 0.8846 acc@0.5 0.713 auc 0.842 | val acc@bestThr 0.768 thr=0.948
Epoch 080 | train loss 0.2529 acc 0.968 auc 0.995 | val loss 0.8027 acc@0.5 0.726 auc 0.837 | val acc@bestThr 0.768 thr=0.932
Epoch 081 | train loss 0.2493 acc 0.971 auc 0.996 | val loss 0.8716 acc@0.5 0.711 auc 0.839 | val acc@bestThr 0.766 thr=0.944
Epoch 082 | train loss 0.2512 acc 0.969 auc 0.995 | val loss 0.8491 acc@0.5 0.723 auc 0.844 | val acc@bestThr 0.771 thr=0.945
Epoch 083 | train loss 0.2471 acc 0.972 auc 0.996 | val loss 0.7870 acc@0.5 0.743 auc 0.836 | val acc@bestThr 0.764 thr=0.932
Epoch 084 | train loss 0.2517 acc 0.968 auc 0.995 | val loss 0.9072 acc@0.5 0.696 auc 0.839 | val acc@bestThr 0.764 thr=0.947
Epoch 085 | train loss 0.2475 acc 0.972 auc 0.996 | val loss 0.7294 acc@0.5 0.746 auc 0.836 | val acc@bestThr 0.765 thr=0.826
Epoch 086 | train loss 0.2433 acc 0.974 auc 0.997 | val loss 0.7781 acc@0.5 0.740 auc 0.852 | val acc@bestThr 0.774 thr=0.925
Epoch 087 | train loss 0.2436 acc 0.973 auc 0.996 | val loss 0.7303 acc@0.5 0.754 auc 0.841 | val acc@bestThr 0.771 thr=0.902
Epoch 088 | train loss 0.2439 acc 0.974 auc 0.996 | val loss 0.8374 acc@0.5 0.712 auc 0.851 | val acc@bestThr 0.771 thr=0.936
Epoch 089 | train loss 0.2449 acc 0.973 auc 0.996 | val loss 0.8044 acc@0.5 0.721 auc 0.843 | val acc@bestThr 0.768 thr=0.932
Epoch 090 | train loss 0.2437 acc 0.974 auc 0.997 | val loss 0.8277 acc@0.5 0.722 auc 0.826 | val acc@bestThr 0.753 thr=0.932
Epoch 091 | train loss 0.2381 acc 0.978 auc 0.997 | val loss 0.8763 acc@0.5 0.711 auc 0.838 | val acc@bestThr 0.766 thr=0.940
Epoch 092 | train loss 0.2379 acc 0.977 auc 0.997 | val loss 0.7423 acc@0.5 0.749 auc 0.848 | val acc@bestThr 0.778 thr=0.903
Epoch 093 | train loss 0.2390 acc 0.977 auc 0.997 | val loss 0.8194 acc@0.5 0.732 auc 0.846 | val acc@bestThr 0.774 thr=0.934
Epoch 094 | train loss 0.2405 acc 0.975 auc 0.997 | val loss 0.8193 acc@0.5 0.734 auc 0.837 | val acc@bestThr 0.764 thr=0.933
Epoch 095 | train loss 0.2386 acc 0.977 auc 0.997 | val loss 0.8372 acc@0.5 0.726 auc 0.849 | val acc@bestThr 0.767 thr=0.945
Epoch 096 | train loss 0.2367 acc 0.977 auc 0.998 | val loss 0.7253 acc@0.5 0.749 auc 0.842 | val acc@bestThr 0.771 thr=0.903
Epoch 097 | train loss 0.2341 acc 0.979 auc 0.998 | val loss 0.8504 acc@0.5 0.724 auc 0.852 | val acc@bestThr 0.779 thr=0.946
Epoch 098 | train loss 0.2319 acc 0.980 auc 0.998 | val loss 0.8205 acc@0.5 0.733 auc 0.827 | val acc@bestThr 0.770 thr=0.932
Epoch 099 | train loss 0.2358 acc 0.979 auc 0.997 | val loss 0.8191 acc@0.5 0.732 auc 0.847 | val acc@bestThr 0.770 thr=0.940
Epoch 100 | train loss 0.2363 acc 0.977 auc 0.998 | val loss 0.8336 acc@0.5 0.723 auc 0.852 | val acc@bestThr 0.776 thr=0.945
Epoch 101 | train loss 0.2335 acc 0.980 auc 0.998 | val loss 0.8312 acc@0.5 0.732 auc 0.858 | val acc@bestThr 0.783 thr=0.946
Epoch 102 | train loss 0.2327 acc 0.980 auc 0.998 | val loss 0.7895 acc@0.5 0.741 auc 0.851 | val acc@bestThr 0.775 thr=0.934
Epoch 103 | train loss 0.2313 acc 0.981 auc 0.998 | val loss 0.8808 acc@0.5 0.720 auc 0.848 | val acc@bestThr 0.776 thr=0.954
Epoch 104 | train loss 0.2302 acc 0.982 auc 0.998 | val loss 0.8243 acc@0.5 0.732 auc 0.852 | val acc@bestThr 0.774 thr=0.946
Epoch 105 | train loss 0.2316 acc 0.982 auc 0.998 | val loss 0.8301 acc@0.5 0.736 auc 0.856 | val acc@bestThr 0.771 thr=0.945
Epoch 106 | train loss 0.2298 acc 0.981 auc 0.998 | val loss 0.7791 acc@0.5 0.744 auc 0.853 | val acc@bestThr 0.771 thr=0.931
Epoch 107 | train loss 0.2293 acc 0.982 auc 0.998 | val loss 0.8100 acc@0.5 0.741 auc 0.844 | val acc@bestThr 0.771 thr=0.946
Epoch 108 | train loss 0.2270 acc 0.983 auc 0.999 | val loss 0.8212 acc@0.5 0.741 auc 0.848 | val acc@bestThr 0.773 thr=0.949
Epoch 109 | train loss 0.2253 acc 0.985 auc 0.999 | val loss 0.8269 acc@0.5 0.730 auc 0.850 | val acc@bestThr 0.769 thr=0.942
Epoch 110 | train loss 0.2273 acc 0.983 auc 0.998 | val loss 0.8095 acc@0.5 0.733 auc 0.856 | val acc@bestThr 0.779 thr=0.938
Epoch 111 | train loss 0.2239 acc 0.986 auc 0.999 | val loss 0.8380 acc@0.5 0.728 auc 0.843 | val acc@bestThr 0.768 thr=0.947
Epoch 112 | train loss 0.2249 acc 0.985 auc 0.999 | val loss 0.8361 acc@0.5 0.736 auc 0.860 | val acc@bestThr 0.777 thr=0.949
Epoch 113 | train loss 0.2289 acc 0.983 auc 0.998 | val loss 0.7602 acc@0.5 0.749 auc 0.853 | val acc@bestThr 0.775 thr=0.936
Epoch 114 | train loss 0.2239 acc 0.985 auc 0.999 | val loss 0.8338 acc@0.5 0.734 auc 0.844 | val acc@bestThr 0.764 thr=0.949
Epoch 115 | train loss 0.2264 acc 0.984 auc 0.998 | val loss 0.9010 acc@0.5 0.709 auc 0.839 | val acc@bestThr 0.763 thr=0.950
Epoch 116 | train loss 0.2208 acc 0.987 auc 0.999 | val loss 0.7746 acc@0.5 0.748 auc 0.848 | val acc@bestThr 0.771 thr=0.931
Epoch 117 | train loss 0.2227 acc 0.986 auc 0.999 | val loss 0.8410 acc@0.5 0.728 auc 0.848 | val acc@bestThr 0.770 thr=0.946
Epoch 118 | train loss 0.2240 acc 0.986 auc 0.999 | val loss 0.7786 acc@0.5 0.751 auc 0.848 | val acc@bestThr 0.776 thr=0.940
Epoch 119 | train loss 0.2227 acc 0.986 auc 0.999 | val loss 0.7869 acc@0.5 0.746 auc 0.853 | val acc@bestThr 0.773 thr=0.938
Epoch 120 | train loss 0.2208 acc 0.988 auc 0.999 | val loss 0.8615 acc@0.5 0.722 auc 0.850 | val acc@bestThr 0.770 thr=0.948
Epoch 121 | train loss 0.2185 acc 0.989 auc 0.999 | val loss 0.7693 acc@0.5 0.750 auc 0.854 | val acc@bestThr 0.776 thr=0.942
Epoch 122 | train loss 0.2187 acc 0.988 auc 0.999 | val loss 0.7869 acc@0.5 0.744 auc 0.849 | val acc@bestThr 0.774 thr=0.937
Epoch 123 | train loss 0.2180 acc 0.989 auc 0.999 | val loss 0.8010 acc@0.5 0.741 auc 0.853 | val acc@bestThr 0.772 thr=0.945
Epoch 124 | train loss 0.2193 acc 0.988 auc 0.999 | val loss 0.8080 acc@0.5 0.747 auc 0.854 | val acc@bestThr 0.776 thr=0.951
Epoch 125 | train loss 0.2164 acc 0.990 auc 0.999 | val loss 0.8077 acc@0.5 0.744 auc 0.844 | val acc@bestThr 0.776 thr=0.949
Epoch 126 | train loss 0.2166 acc 0.989 auc 0.999 | val loss 0.8294 acc@0.5 0.736 auc 0.837 | val acc@bestThr 0.768 thr=0.948
Epoch 127 | train loss 0.2163 acc 0.989 auc 0.999 | val loss 0.7824 acc@0.5 0.752 auc 0.838 | val acc@bestThr 0.773 thr=0.940
Epoch 128 | train loss 0.2194 acc 0.988 auc 0.999 | val loss 0.8099 acc@0.5 0.744 auc 0.853 | val acc@bestThr 0.778 thr=0.947
Epoch 129 | train loss 0.2153 acc 0.990 auc 0.999 | val loss 0.8685 acc@0.5 0.727 auc 0.830 | val acc@bestThr 0.765 thr=0.950
Epoch 130 | train loss 0.2179 acc 0.989 auc 0.999 | val loss 0.8087 acc@0.5 0.746 auc 0.849 | val acc@bestThr 0.772 thr=0.943
Epoch 131 | train loss 0.2145 acc 0.991 auc 0.999 | val loss 0.8417 acc@0.5 0.737 auc 0.838 | val acc@bestThr 0.772 thr=0.950
Epoch 132 | train loss 0.2162 acc 0.990 auc 0.999 | val loss 0.8357 acc@0.5 0.732 auc 0.850 | val acc@bestThr 0.774 thr=0.948
Epoch 133 | train loss 0.2156 acc 0.990 auc 0.999 | val loss 0.8138 acc@0.5 0.743 auc 0.859 | val acc@bestThr 0.775 thr=0.949
Epoch 134 | train loss 0.2189 acc 0.988 auc 0.999 | val loss 0.7948 acc@0.5 0.742 auc 0.844 | val acc@bestThr 0.769 thr=0.942
Epoch 135 | train loss 0.2139 acc 0.991 auc 0.999 | val loss 0.7973 acc@0.5 0.745 auc 0.846 | val acc@bestThr 0.772 thr=0.941
Epoch 136 | train loss 0.2129 acc 0.992 auc 1.000 | val loss 0.7824 acc@0.5 0.753 auc 0.836 | val acc@bestThr 0.768 thr=0.931
Epoch 137 | train loss 0.2126 acc 0.992 auc 1.000 | val loss 0.8411 acc@0.5 0.736 auc 0.830 | val acc@bestThr 0.768 thr=0.951
Epoch 138 | train loss 0.2129 acc 0.992 auc 0.999 | val loss 0.8472 acc@0.5 0.732 auc 0.836 | val acc@bestThr 0.770 thr=0.949
Epoch 139 | train loss 0.2137 acc 0.992 auc 1.000 | val loss 0.8163 acc@0.5 0.741 auc 0.846 | val acc@bestThr 0.770 thr=0.945
Epoch 140 | train loss 0.2116 acc 0.993 auc 1.000 | val loss 0.8065 acc@0.5 0.747 auc 0.848 | val acc@bestThr 0.779 thr=0.948
Epoch 141 | train loss 0.2136 acc 0.992 auc 0.999 | val loss 0.7980 acc@0.5 0.745 auc 0.851 | val acc@bestThr 0.774 thr=0.942
Epoch 142 | train loss 0.2112 acc 0.993 auc 1.000 | val loss 0.8010 acc@0.5 0.750 auc 0.848 | val acc@bestThr 0.774 thr=0.945
Epoch 143 | train loss 0.2116 acc 0.993 auc 1.000 | val loss 0.8814 acc@0.5 0.729 auc 0.852 | val acc@bestThr 0.781 thr=0.953
Epoch 144 | train loss 0.2116 acc 0.992 auc 1.000 | val loss 0.8029 acc@0.5 0.748 auc 0.852 | val acc@bestThr 0.779 thr=0.946
Epoch 145 | train loss 0.2110 acc 0.993 auc 1.000 | val loss 0.8111 acc@0.5 0.748 auc 0.836 | val acc@bestThr 0.773 thr=0.947
Epoch 146 | train loss 0.2093 acc 0.994 auc 1.000 | val loss 0.8374 acc@0.5 0.741 auc 0.836 | val acc@bestThr 0.779 thr=0.951
Epoch 147 | train loss 0.2095 acc 0.994 auc 1.000 | val loss 0.8349 acc@0.5 0.743 auc 0.835 | val acc@bestThr 0.774 thr=0.951
Epoch 148 | train loss 0.2106 acc 0.993 auc 1.000 | val loss 0.8333 acc@0.5 0.740 auc 0.844 | val acc@bestThr 0.777 thr=0.951
Epoch 149 | train loss 0.2105 acc 0.993 auc 1.000 | val loss 0.8451 acc@0.5 0.738 auc 0.837 | val acc@bestThr 0.771 thr=0.950
Epoch 150 | train loss 0.2099 acc 0.994 auc 1.000 | val loss 0.8114 acc@0.5 0.744 auc 0.844 | val acc@bestThr 0.773 thr=0.946
Epoch 151 | train loss 0.2094 acc 0.994 auc 1.000 | val loss 0.8102 acc@0.5 0.750 auc 0.834 | val acc@bestThr 0.769 thr=0.947
Epoch 152 | train loss 0.2084 acc 0.995 auc 1.000 | val loss 0.8054 acc@0.5 0.750 auc 0.843 | val acc@bestThr 0.774 thr=0.947
Epoch 153 | train loss 0.2090 acc 0.994 auc 1.000 | val loss 0.7864 acc@0.5 0.756 auc 0.851 | val acc@bestThr 0.782 thr=0.949
Epoch 154 | train loss 0.2085 acc 0.994 auc 1.000 | val loss 0.8849 acc@0.5 0.729 auc 0.838 | val acc@bestThr 0.774 thr=0.953
Epoch 155 | train loss 0.2082 acc 0.995 auc 1.000 | val loss 0.8652 acc@0.5 0.734 auc 0.834 | val acc@bestThr 0.774 thr=0.951
Epoch 156 | train loss 0.2084 acc 0.995 auc 1.000 | val loss 0.8601 acc@0.5 0.735 auc 0.840 | val acc@bestThr 0.774 thr=0.951
Epoch 157 | train loss 0.2090 acc 0.994 auc 1.000 | val loss 0.8155 acc@0.5 0.747 auc 0.853 | val acc@bestThr 0.779 thr=0.949
Epoch 158 | train loss 0.2075 acc 0.995 auc 1.000 | val loss 0.8528 acc@0.5 0.738 auc 0.841 | val acc@bestThr 0.775 thr=0.953
Epoch 159 | train loss 0.2079 acc 0.995 auc 1.000 | val loss 0.8241 acc@0.5 0.749 auc 0.839 | val acc@bestThr 0.775 thr=0.952
Epoch 160 | train loss 0.2061 acc 0.996 auc 1.000 | val loss 0.8364 acc@0.5 0.742 auc 0.837 | val acc@bestThr 0.774 thr=0.952
Epoch 161 | train loss 0.2057 acc 0.997 auc 1.000 | val loss 0.8111 acc@0.5 0.751 auc 0.851 | val acc@bestThr 0.780 thr=0.949
Epoch 162 | train loss 0.2080 acc 0.995 auc 1.000 | val loss 0.8292 acc@0.5 0.745 auc 0.854 | val acc@bestThr 0.780 thr=0.951
Epoch 163 | train loss 0.2056 acc 0.996 auc 1.000 | val loss 0.8091 acc@0.5 0.750 auc 0.850 | val acc@bestThr 0.781 thr=0.949
Epoch 164 | train loss 0.2073 acc 0.995 auc 1.000 | val loss 0.8407 acc@0.5 0.740 auc 0.841 | val acc@bestThr 0.773 thr=0.950
Epoch 165 | train loss 0.2064 acc 0.995 auc 1.000 | val loss 0.7958 acc@0.5 0.755 auc 0.851 | val acc@bestThr 0.779 thr=0.947
Epoch 166 | train loss 0.2064 acc 0.996 auc 1.000 | val loss 0.8270 acc@0.5 0.745 auc 0.849 | val acc@bestThr 0.776 thr=0.951
Epoch 167 | train loss 0.2056 acc 0.996 auc 1.000 | val loss 0.8186 acc@0.5 0.750 auc 0.847 | val acc@bestThr 0.778 thr=0.951
Epoch 168 | train loss 0.2060 acc 0.996 auc 1.000 | val loss 0.8170 acc@0.5 0.749 auc 0.848 | val acc@bestThr 0.779 thr=0.951
Epoch 169 | train loss 0.2062 acc 0.996 auc 1.000 | val loss 0.8294 acc@0.5 0.745 auc 0.844 | val acc@bestThr 0.778 thr=0.950
Epoch 170 | train loss 0.2055 acc 0.996 auc 1.000 | val loss 0.8335 acc@0.5 0.743 auc 0.844 | val acc@bestThr 0.778 thr=0.950
Epoch 171 | train loss 0.2061 acc 0.996 auc 1.000 | val loss 0.8490 acc@0.5 0.738 auc 0.842 | val acc@bestThr 0.774 thr=0.951
Epoch 172 | train loss 0.2065 acc 0.996 auc 1.000 | val loss 0.8523 acc@0.5 0.739 auc 0.842 | val acc@bestThr 0.775 thr=0.951
Epoch 173 | train loss 0.2047 acc 0.997 auc 1.000 | val loss 0.8178 acc@0.5 0.751 auc 0.842 | val acc@bestThr 0.774 thr=0.950
Epoch 174 | train loss 0.2060 acc 0.996 auc 1.000 | val loss 0.8462 acc@0.5 0.740 auc 0.836 | val acc@bestThr 0.770 thr=0.951
Epoch 175 | train loss 0.2047 acc 0.997 auc 1.000 | val loss 0.8213 acc@0.5 0.750 auc 0.846 | val acc@bestThr 0.778 thr=0.950
Epoch 176 | train loss 0.2040 acc 0.997 auc 1.000 | val loss 0.8156 acc@0.5 0.752 auc 0.845 | val acc@bestThr 0.777 thr=0.950
Epoch 177 | train loss 0.2056 acc 0.996 auc 1.000 | val loss 0.8315 acc@0.5 0.744 auc 0.845 | val acc@bestThr 0.776 thr=0.950
Epoch 178 | train loss 0.2048 acc 0.997 auc 1.000 | val loss 0.8505 acc@0.5 0.740 auc 0.838 | val acc@bestThr 0.774 thr=0.952
Epoch 179 | train loss 0.2042 acc 0.997 auc 1.000 | val loss 0.8345 acc@0.5 0.745 auc 0.843 | val acc@bestThr 0.776 thr=0.951
Epoch 180 | train loss 0.2058 acc 0.996 auc 1.000 | val loss 0.8326 acc@0.5 0.745 auc 0.842 | val acc@bestThr 0.775 thr=0.950
Epoch 181 | train loss 0.2044 acc 0.997 auc 1.000 | val loss 0.8454 acc@0.5 0.741 auc 0.837 | val acc@bestThr 0.774 thr=0.951
Epoch 182 | train loss 0.2045 acc 0.997 auc 1.000 | val loss 0.8348 acc@0.5 0.745 auc 0.842 | val acc@bestThr 0.778 thr=0.951
Epoch 183 | train loss 0.2041 acc 0.997 auc 1.000 | val loss 0.8384 acc@0.5 0.742 auc 0.841 | val acc@bestThr 0.777 thr=0.951
Epoch 184 | train loss 0.2031 acc 0.998 auc 1.000 | val loss 0.8414 acc@0.5 0.742 auc 0.841 | val acc@bestThr 0.775 thr=0.951
Epoch 185 | train loss 0.2044 acc 0.997 auc 1.000 | val loss 0.8348 acc@0.5 0.745 auc 0.841 | val acc@bestThr 0.777 thr=0.951
Epoch 186 | train loss 0.2042 acc 0.997 auc 1.000 | val loss 0.8324 acc@0.5 0.745 auc 0.841 | val acc@bestThr 0.777 thr=0.951
Epoch 187 | train loss 0.2044 acc 0.997 auc 1.000 | val loss 0.8561 acc@0.5 0.737 auc 0.839 | val acc@bestThr 0.773 thr=0.951
Epoch 188 | train loss 0.2044 acc 0.997 auc 1.000 | val loss 0.8443 acc@0.5 0.741 auc 0.841 | val acc@bestThr 0.774 thr=0.951
Epoch 189 | train loss 0.2032 acc 0.998 auc 1.000 | val loss 0.8514 acc@0.5 0.740 auc 0.839 | val acc@bestThr 0.774 thr=0.952
Epoch 190 | train loss 0.2040 acc 0.997 auc 1.000 | val loss 0.8439 acc@0.5 0.741 auc 0.841 | val acc@bestThr 0.775 thr=0.951
Epoch 191 | train loss 0.2043 acc 0.997 auc 1.000 | val loss 0.8363 acc@0.5 0.743 auc 0.840 | val acc@bestThr 0.776 thr=0.951
Epoch 192 | train loss 0.2043 acc 0.997 auc 1.000 | val loss 0.8447 acc@0.5 0.741 auc 0.838 | val acc@bestThr 0.773 thr=0.951
Epoch 193 | train loss 0.2034 acc 0.998 auc 1.000 | val loss 0.8494 acc@0.5 0.740 auc 0.839 | val acc@bestThr 0.773 thr=0.951
Epoch 194 | train loss 0.2037 acc 0.997 auc 1.000 | val loss 0.8464 acc@0.5 0.740 auc 0.839 | val acc@bestThr 0.773 thr=0.951
Epoch 195 | train loss 0.2043 acc 0.997 auc 1.000 | val loss 0.8433 acc@0.5 0.741 auc 0.840 | val acc@bestThr 0.775 thr=0.951
Epoch 196 | train loss 0.2049 acc 0.997 auc 1.000 | val loss 0.8466 acc@0.5 0.740 auc 0.839 | val acc@bestThr 0.773 thr=0.951
Epoch 197 | train loss 0.2042 acc 0.997 auc 1.000 | val loss 0.8451 acc@0.5 0.741 auc 0.839 | val acc@bestThr 0.773 thr=0.951
Epoch 198 | train loss 0.2036 acc 0.997 auc 1.000 | val loss 0.8434 acc@0.5 0.741 auc 0.839 | val acc@bestThr 0.773 thr=0.951
Epoch 199 | train loss 0.2040 acc 0.997 auc 1.000 | val loss 0.8433 acc@0.5 0.741 auc 0.839 | val acc@bestThr 0.773 thr=0.951
Epoch 200 | train loss 0.2038 acc 0.997 auc 1.000 | val loss 0.8432 acc@0.5 0.742 auc 0.839 | val acc@bestThr 0.773 thr=0.951
Best val acc@0.5: 0.764 | best_acc_ckpt: runs/best_acc.pth
Best val AUC: 0.860 | best_auc_ckpt: runs/best_auc.pth
Best val acc@bestThr: 0.783  | best_acc_tuned_ckpt: runs/best_acc_tuned.pth